[auth.hal-software.com/index.html]
[backblue.gif]
[fade.gif]
[index.html]
[auth.hal-software.com/images/favicon.ico]
[auth.hal-software.com/styles/loading-bar.mine166.css]
[auth.hal-software.com/styles/bootstrap.mine166.css]
[auth.hal-software.com/styles/app.mine166.css]
[auth.hal-software.com/scripts/jquery-1.11.1.mine166.js]
[auth.hal-software.com/scripts/angular-messages.mine166.js]
[auth.hal-software.com/scripts/angular-ui-router.mine166.js]
[auth.hal-software.com/scripts/angular-local-storage.mine166.js]
[auth.hal-software.com/scripts/angular.mine166.js]
[auth.hal-software.com/scripts/loading-bar.mine166.js]
[auth.hal-software.com/scripts/jqxangulare166.js]
[auth.hal-software.com/scripts/moment.mine166.js]
[auth.hal-software.com/app/app.mine166.js]
[auth.hal-software.com/index.html]
[auth.hal-software.com/styles/loading-bar.mine166.css]
[auth.hal-software.com/styles/bootstrap.mine166.css]
[auth.hal-software.com/images/icon-right.png]
[auth.hal-software.com/images/icon-left.png]
[auth.hal-software.com/images/icon-down.png]
[auth.hal-software.com/images/icon-up.png]
[auth.hal-software.com/images/close.png]
[auth.hal-software.com/images/icon-first.png]
[auth.hal-software.com/images/icon-last.png]
[auth.hal-software.com/images/icon-calendar.png]
[auth.hal-software.com/images/icon-showpassword.png]
[auth.hal-software.com/images/success.png]
[auth.hal-software.com/images/error.png]
[auth.hal-software.com/images/close_white.png]
[auth.hal-software.com/images/icon-right-white.png]
[auth.hal-software.com/images/icon-down-white.png]
[auth.hal-software.com/styles/app.mine166.css]
[auth.hal-software.com/scripts/jquery-1.11.1.mine166.js]
[auth.hal-software.com/scripts/angular.mine166.js]
[auth.hal-software.com/scripts/angular-messages.mine166.js]
[auth.hal-software.com/scripts/angular-ui-router.mine166.js]
[auth.hal-software.com/scripts/angular-local-storage.mine166.js]
[auth.hal-software.com/scripts/loading-bar.mine166.js]
[auth.hal-software.com/scripts/jqx-alle166.js]
[auth.hal-software.com/scripts/jqx-alle166.js]
[auth.hal-software.com/scripts/jqxangulare166.js]
[auth.hal-software.com/scripts/moment.mine166.js]
[auth.hal-software.com/app/app.mine166.js]
[auth.hal-software.com/fonts/glyphicons-halflings-regular.html]
[auth.hal-software.com/fonts/glyphicons-halflings-regulard41d.html]
[auth.hal-software.com/fonts/glyphicons-halflings-regular-2.html]
[auth.hal-software.com/fonts/glyphicons-halflings-regular-3.html]
[auth.hal-software.com/fonts/glyphicons-halflings-regular-4.html]
[auth.hal-software.com/fonts/glyphicons-halflings-regular-5.html]
[auth.hal-software.com/images/menubutton.html]
[auth.hal-software.com/images/sortascbutton.html]
[auth.hal-software.com/images/sortdescbutton.html]
[auth.hal-software.com/images/filter.html]
[auth.hal-software.com/images/red_arrow_up.html]
[auth.hal-software.com/images/red_arrow_down.html]
[auth.hal-software.com/images/sortasc.html]
[auth.hal-software.com/images/sortdesc.html]
[auth.hal-software.com/images/sortremove.html]
[auth.hal-software.com/images/drag.html]
[auth.hal-software.com/images/dragcancel.html]
[auth.hal-software.com/images/loader.html]
[auth.hal-software.com/images/icon-menu-minimized.html]
[auth.hal-software.com/images/check_black.html]
[auth.hal-software.com/images/check_disabled.html]
[auth.hal-software.com/images/check_indeterminate_black.html]
[auth.hal-software.com/images/check_indeterminate_disabled.html]
[auth.hal-software.com/images/roundbg_classic_normal.html]
[auth.hal-software.com/images/roundbg_check_black.html]
[auth.hal-software.com/images/roundbg_check_indeterminate.html]
[auth.hal-software.com/images/star.html]
[auth.hal-software.com/images/star_hover.html]
[auth.hal-software.com/images/star_disabled.html]
[auth.hal-software.com/images/slider_horizontal_classic.html]
[auth.hal-software.com/images/slider_vertical_classic.html]
[auth.hal-software.com/images/multi-arrow.html]
[auth.hal-software.com/styles/left.html]
[auth.hal-software.com/styles/right.html]
[auth.hal-software.com/images/icon-delete.html]
[auth.hal-software.com/images/icon-edit.html]
[auth.hal-software.com/images/icon-save.html]
[auth.hal-software.com/images/icon-cancel.html]
[auth.hal-software.com/images/search.html]
[auth.hal-software.com/images/plus.html]
[auth.hal-software.com/images/html_editor.html]
[auth.hal-software.com/images/colorpicker/map-saturation.html]
[auth.hal-software.com/images/colorpicker/map-hue.html]
[auth.hal-software.com/images/colorpicker/map-saturation-overlay.html]
[auth.hal-software.com/images/colorpicker/bar-saturation.html]
[auth.hal-software.com/images/colorpicker/bar-hue.html]
[auth.hal-software.com/images/crosshair.html]
[auth.hal-software.com/images/crosshair-white.html]
[auth.hal-software.com/images/pointer.html]
[auth.hal-software.com/images/info.html]
[auth.hal-software.com/images/warning.html]
[auth.hal-software.com/images/mail.html]
[auth.hal-software.com/images/time.html]
[auth.hal-software.com/images/close_black.html]
[auth.hal-software.com/images/icon-left-white.html]
[auth.hal-software.com/a,b,d.html]
[auth.hal-software.com/e.html]
[auth.hal-software.com/l.html]
[auth.hal-software.com/b.html]
[auth.hal-software.com/Output.html]
[auth.hal-software.com/Silk/index.html]
[auth.hal-software.com/jqxcore.html]
[auth.hal-software.com/globalize.html]
[auth.hal-software.com/jqxcalendar.html]
[auth.hal-software.com/jqxtooltip.html]
[auth.hal-software.com/jqxscheduler.api.html]
[auth.hal-software.com/jqxdate.html]
[auth.hal-software.com/jqxmenu.html]
[auth.hal-software.com/jqxwindow.html]
[auth.hal-software.com/jqxcheckbox.html]
[auth.hal-software.com/jqxnumberinput.html]
[auth.hal-software.com/jqxscrollbar.html]
[auth.hal-software.com/jqxlistbox.html]
[auth.hal-software.com/jqxdropdownlist.html]
[auth.hal-software.com/jqxinput.html]
[auth.hal-software.com/jqxradiobutton.html]
[auth.hal-software.com/jqxdatetimeinput.html]
[auth.hal-software.com/jqxdata.html]
[auth.hal-software.com/jqxbuttons.html]
[auth.hal-software.com/jqxcombobox.html]
[auth.hal-software.com/jqxgrid.filter.html]
[auth.hal-software.com/jqxgrid.sort.html]
[auth.hal-software.com/jqxgrid.storage.html]
[auth.hal-software.com/jqxgrid.grouping.html]
[auth.hal-software.com/jqxgrid.pager.html]
[auth.hal-software.com/jqxgrid.columnsresize.html]
[auth.hal-software.com/jqxgrid.columnsreorder.html]
[auth.hal-software.com/jqxgrid.edit.html]
[auth.hal-software.com/jqxgrid.export.html]
[auth.hal-software.com/jqxpanel.html]
[auth.hal-software.com/jqxtree.html]
[auth.hal-software.com/app/admin/users/add-user.partial.html]
[auth.hal-software.com/app/admin/users/list-user-activity.partial.html]
[auth.hal-software.com/app/admin/users/list-users.partial.html]
[auth.hal-software.com/app/admin/users/remove-user.partial.html]
[auth.hal-software.com/app/admin/users/update-user.partial.html]
[auth.hal-software.com/app/admin/admin.view.html]
[auth.hal-software.com/app/login/login.view.html]
[auth.hal-software.com/app/user/reset-password.view.html]
